
> bright-choice@1.0.0 test
> vitest run


[1m[46m RUN [49m[22m [36mv3.2.4 [39m[90mC:/Users/rg640/dev/bright_choice/bright_choice[39m

 [32mÔ£ô[39m src/test/example.test.ts [2m([22m[2m1 test[22m[2m)[22m[32m 2[2mms[22m[39m

[2m Test Files [22m [1m[32m1 passed[39m[22m[90m (1)[39m
[2m      Tests [22m [1m[32m1 passed[39m[22m[90m (1)[39m
[2m   Start at [22m 20:43:54
[2m   Duration [22m 2.38s[2m (transform 340ms, setup 524ms, collect 21ms, tests 2ms, environment 1.33s, prepare 226ms)[22m

